// Jest Snapshot v1, https://goo.gl/fbAQLP

exports[`UI-Kit Col is expected to render successfully 1`] = `
<div
  className="Col-sc-1dskdwa-0 kVzFTl"
/>
`;
